// Jest Snapshot v1, https://goo.gl/fbAQLP

exports[`should render correctly <UnitDetail> 1`] = `ReactWrapper {}`;
